# widthxheight hash
16x12 f955f079d787ccca
48x36 53da2bafc94922f2
