2f2c63838751ddc861246e66e4d982a04b74b0edbc234e4d47fb8bdae3cbd518
d65a62e0ab25dcd6cfe3296a6a1aa1f36729098a540ed1cd2e3f7fbad09666f3
b324fb9fc32cb1e5f983bd703771a28e2f62f9f776e49eb445a8d37a75c0821f
343a009f6cc165f9e743a288d931ec2e81ca64443a9ef8040a0f38395fd399e3
343a009f6cc165f9e743a288d931ec2e81ca64443a9ef8040a0f38395fd399e3
097da5393a1bc74a4ed5be70f097c592c76507424a9506ae52bf0808366ce3ee
343a009f6cc165f9e743a288d931ec2e81ca64443a9ef8040a0f38395fd399e3
bbe61d80e19fe7d0a797e3339d30d655b3724859e538f8a0c55ebf85100b0ab5
bbe61d80e19fe7d0a797e3339d30d655b3724859e538f8a0c55ebf85100b0ab5
bbe61d80e19fe7d0a797e3339d30d655b3724859e538f8a0c55ebf85100b0ab5
bbe61d80e19fe7d0a797e3339d30d655b3724859e538f8a0c55ebf85100b0ab5
bbe61d80e19fe7d0a797e3339d30d655b3724859e538f8a0c55ebf85100b0ab5
bbe61d80e19fe7d0a797e3339d30d655b3724859e538f8a0c55ebf85100b0ab5
bbe61d80e19fe7d0a797e3339d30d655b3724859e538f8a0c55ebf85100b0ab5
bbe61d80e19fe7d0a797e3339d30d655b3724859e538f8a0c55ebf85100b0ab5
bbe61d80e19fe7d0a797e3339d30d655b3724859e538f8a0c55ebf85100b0ab5
5244ceed971b86e04e6d5763084fc906fc43ce268204310da301e453cfb981d0
5244ceed971b86e04e6d5763084fc906fc43ce268204310da301e453cfb981d0
bbe61d80e19fe7d0a797e3339d30d655b3724859e538f8a0c55ebf85100b0ab5
5244ceed971b86e04e6d5763084fc906fc43ce268204310da301e453cfb981d0
5244ceed971b86e04e6d5763084fc906fc43ce268204310da301e453cfb981d0
bbe61d80e19fe7d0a797e3339d30d655b3724859e538f8a0c55ebf85100b0ab5
5244ceed971b86e04e6d5763084fc906fc43ce268204310da301e453cfb981d0
5244ceed971b86e04e6d5763084fc906fc43ce268204310da301e453cfb981d0
bbe61d80e19fe7d0a797e3339d30d655b3724859e538f8a0c55ebf85100b0ab5
5244ceed971b86e04e6d5763084fc906fc43ce268204310da301e453cfb981d0
5244ceed971b86e04e6d5763084fc906fc43ce268204310da301e453cfb981d0
bbe61d80e19fe7d0a797e3339d30d655b3724859e538f8a0c55ebf85100b0ab5
5244ceed971b86e04e6d5763084fc906fc43ce268204310da301e453cfb981d0
5244ceed971b86e04e6d5763084fc906fc43ce268204310da301e453cfb981d0
bbe61d80e19fe7d0a797e3339d30d655b3724859e538f8a0c55ebf85100b0ab5
5244ceed971b86e04e6d5763084fc906fc43ce268204310da301e453cfb981d0
5244ceed971b86e04e6d5763084fc906fc43ce268204310da301e453cfb981d0
bbe61d80e19fe7d0a797e3339d30d655b3724859e538f8a0c55ebf85100b0ab5
5244ceed971b86e04e6d5763084fc906fc43ce268204310da301e453cfb981d0
5244ceed971b86e04e6d5763084fc906fc43ce268204310da301e453cfb981d0
bbe61d80e19fe7d0a797e3339d30d655b3724859e538f8a0c55ebf85100b0ab5
5244ceed971b86e04e6d5763084fc906fc43ce268204310da301e453cfb981d0
5244ceed971b86e04e6d5763084fc906fc43ce268204310da301e453cfb981d0
bbe61d80e19fe7d0a797e3339d30d655b3724859e538f8a0c55ebf85100b0ab5
5244ceed971b86e04e6d5763084fc906fc43ce268204310da301e453cfb981d0
5244ceed971b86e04e6d5763084fc906fc43ce268204310da301e453cfb981d0
bbe61d80e19fe7d0a797e3339d30d655b3724859e538f8a0c55ebf85100b0ab5
5244ceed971b86e04e6d5763084fc906fc43ce268204310da301e453cfb981d0
5244ceed971b86e04e6d5763084fc906fc43ce268204310da301e453cfb981d0
bbe61d80e19fe7d0a797e3339d30d655b3724859e538f8a0c55ebf85100b0ab5
5244ceed971b86e04e6d5763084fc906fc43ce268204310da301e453cfb981d0
5244ceed971b86e04e6d5763084fc906fc43ce268204310da301e453cfb981d0
bbe61d80e19fe7d0a797e3339d30d655b3724859e538f8a0c55ebf85100b0ab5
5244ceed971b86e04e6d5763084fc906fc43ce268204310da301e453cfb981d0
5244ceed971b86e04e6d5763084fc906fc43ce268204310da301e453cfb981d0
bbe61d80e19fe7d0a797e3339d30d655b3724859e538f8a0c55ebf85100b0ab5
5244ceed971b86e04e6d5763084fc906fc43ce268204310da301e453cfb981d0
5244ceed971b86e04e6d5763084fc906fc43ce268204310da301e453cfb981d0
bbe61d80e19fe7d0a797e3339d30d655b3724859e538f8a0c55ebf85100b0ab5
5244ceed971b86e04e6d5763084fc906fc43ce268204310da301e453cfb981d0
5244ceed971b86e04e6d5763084fc906fc43ce268204310da301e453cfb981d0
bbe61d80e19fe7d0a797e3339d30d655b3724859e538f8a0c55ebf85100b0ab5
5244ceed971b86e04e6d5763084fc906fc43ce268204310da301e453cfb981d0
5244ceed971b86e04e6d5763084fc906fc43ce268204310da301e453cfb981d0
bbe61d80e19fe7d0a797e3339d30d655b3724859e538f8a0c55ebf85100b0ab5
5244ceed971b86e04e6d5763084fc906fc43ce268204310da301e453cfb981d0
5244ceed971b86e04e6d5763084fc906fc43ce268204310da301e453cfb981d0
bbe61d80e19fe7d0a797e3339d30d655b3724859e538f8a0c55ebf85100b0ab5
5244ceed971b86e04e6d5763084fc906fc43ce268204310da301e453cfb981d0
5244ceed971b86e04e6d5763084fc906fc43ce268204310da301e453cfb981d0
bbe61d80e19fe7d0a797e3339d30d655b3724859e538f8a0c55ebf85100b0ab5
5244ceed971b86e04e6d5763084fc906fc43ce268204310da301e453cfb981d0
5244ceed971b86e04e6d5763084fc906fc43ce268204310da301e453cfb981d0
bbe61d80e19fe7d0a797e3339d30d655b3724859e538f8a0c55ebf85100b0ab5
5244ceed971b86e04e6d5763084fc906fc43ce268204310da301e453cfb981d0
5244ceed971b86e04e6d5763084fc906fc43ce268204310da301e453cfb981d0
bbe61d80e19fe7d0a797e3339d30d655b3724859e538f8a0c55ebf85100b0ab5
5244ceed971b86e04e6d5763084fc906fc43ce268204310da301e453cfb981d0
5244ceed971b86e04e6d5763084fc906fc43ce268204310da301e453cfb981d0
bbe61d80e19fe7d0a797e3339d30d655b3724859e538f8a0c55ebf85100b0ab5
5244ceed971b86e04e6d5763084fc906fc43ce268204310da301e453cfb981d0
5244ceed971b86e04e6d5763084fc906fc43ce268204310da301e453cfb981d0
bbe61d80e19fe7d0a797e3339d30d655b3724859e538f8a0c55ebf85100b0ab5
5244ceed971b86e04e6d5763084fc906fc43ce268204310da301e453cfb981d0
5244ceed971b86e04e6d5763084fc906fc43ce268204310da301e453cfb981d0
bbe61d80e19fe7d0a797e3339d30d655b3724859e538f8a0c55ebf85100b0ab5
5244ceed971b86e04e6d5763084fc906fc43ce268204310da301e453cfb981d0
5244ceed971b86e04e6d5763084fc906fc43ce268204310da301e453cfb981d0
bbe61d80e19fe7d0a797e3339d30d655b3724859e538f8a0c55ebf85100b0ab5
5244ceed971b86e04e6d5763084fc906fc43ce268204310da301e453cfb981d0
5244ceed971b86e04e6d5763084fc906fc43ce268204310da301e453cfb981d0
bbe61d80e19fe7d0a797e3339d30d655b3724859e538f8a0c55ebf85100b0ab5
5244ceed971b86e04e6d5763084fc906fc43ce268204310da301e453cfb981d0
5244ceed971b86e04e6d5763084fc906fc43ce268204310da301e453cfb981d0
bbe61d80e19fe7d0a797e3339d30d655b3724859e538f8a0c55ebf85100b0ab5
5244ceed971b86e04e6d5763084fc906fc43ce268204310da301e453cfb981d0
5244ceed971b86e04e6d5763084fc906fc43ce268204310da301e453cfb981d0
bbe61d80e19fe7d0a797e3339d30d655b3724859e538f8a0c55ebf85100b0ab5
5244ceed971b86e04e6d5763084fc906fc43ce268204310da301e453cfb981d0
5244ceed971b86e04e6d5763084fc906fc43ce268204310da301e453cfb981d0
bbe61d80e19fe7d0a797e3339d30d655b3724859e538f8a0c55ebf85100b0ab5
5244ceed971b86e04e6d5763084fc906fc43ce268204310da301e453cfb981d0
5244ceed971b86e04e6d5763084fc906fc43ce268204310da301e453cfb981d0
bbe61d80e19fe7d0a797e3339d30d655b3724859e538f8a0c55ebf85100b0ab5
5244ceed971b86e04e6d5763084fc906fc43ce268204310da301e453cfb981d0
5244ceed971b86e04e6d5763084fc906fc43ce268204310da301e453cfb981d0
bbe61d80e19fe7d0a797e3339d30d655b3724859e538f8a0c55ebf85100b0ab5
5244ceed971b86e04e6d5763084fc906fc43ce268204310da301e453cfb981d0
5244ceed971b86e04e6d5763084fc906fc43ce268204310da301e453cfb981d0
bbe61d80e19fe7d0a797e3339d30d655b3724859e538f8a0c55ebf85100b0ab5
5244ceed971b86e04e6d5763084fc906fc43ce268204310da301e453cfb981d0
5244ceed971b86e04e6d5763084fc906fc43ce268204310da301e453cfb981d0
bbe61d80e19fe7d0a797e3339d30d655b3724859e538f8a0c55ebf85100b0ab5
5244ceed971b86e04e6d5763084fc906fc43ce268204310da301e453cfb981d0
5244ceed971b86e04e6d5763084fc906fc43ce268204310da301e453cfb981d0
bbe61d80e19fe7d0a797e3339d30d655b3724859e538f8a0c55ebf85100b0ab5
5244ceed971b86e04e6d5763084fc906fc43ce268204310da301e453cfb981d0
5244ceed971b86e04e6d5763084fc906fc43ce268204310da301e453cfb981d0
bbe61d80e19fe7d0a797e3339d30d655b3724859e538f8a0c55ebf85100b0ab5
5244ceed971b86e04e6d5763084fc906fc43ce268204310da301e453cfb981d0
5244ceed971b86e04e6d5763084fc906fc43ce268204310da301e453cfb981d0
bbe61d80e19fe7d0a797e3339d30d655b3724859e538f8a0c55ebf85100b0ab5
5244ceed971b86e04e6d5763084fc906fc43ce268204310da301e453cfb981d0
5244ceed971b86e04e6d5763084fc906fc43ce268204310da301e453cfb981d0
