# widthxheight hash
32x24 b357b755c62c2055
64x48 6bf9bc2ee75f9571
